2026-07-09 13:50:46,367 - INFO - Processing ZIP file: AOL-Uma_Macs_FlightState_zoa_remote_pilot2_1_2026-06-24_15-38-21.zip
2026-07-09 13:50:46,368 - ERROR - Unexpected error while processing AOL-Uma_Macs_FlightState_zoa_remote_pilot2_1_2026-06-24_15-38-21.zip
Traceback (most recent call last):
  File "C:\Users\akidanem\data_project\scripts\01_extract.py", line 51, in <module>
    bad_file = zip_ref.testzip()
  File "C:\Users\akidanem\AppData\Local\Programs\Python\Python314\Lib\zipfile\__init__.py", line 1646, in testzip
    while f.read(chunk_size):     # Check CRC-32
          ~~~~~~^^^^^^^^^^^^
  File "C:\Users\akidanem\AppData\Local\Programs\Python\Python314\Lib\zipfile\__init__.py", line 1105, in read
    data = self._read1(n)
  File "C:\Users\akidanem\AppData\Local\Programs\Python\Python314\Lib\zipfile\__init__.py", line 1181, in _read1
    data = self._decompressor.decompress(data, n)
zlib.error: Error -3 while decompressing data: invalid stored block lengths
2026-07-09 13:50:46,377 - INFO - Moved failed ZIP to: C:\Users\akidanem\data_project\rejected\AOL-Uma_Macs_FlightState_zoa_remote_pilot2_1_2026-06-24_15-38-21.zip
2026-07-09 13:50:46,377 - INFO - Processing ZIP file: TH-Saho_Macs_FlightState_view_2_2026-06-27_15-13-14.zip
2026-07-09 13:50:46,378 - ERROR - Rejected TH-Saho_Macs_FlightState_view_2_2026-06-27_15-13-14.zip. Bad file inside ZIP: TH-Saho_Macs_FlightState_view_2_2026-06-27_15-13-14
2026-07-09 13:50:46,381 - ERROR - Unexpected error while processing TH-Saho_Macs_FlightState_view_2_2026-06-27_15-13-14.zip
Traceback (most recent call last):
  File "C:\Users\akidanem\AppData\Local\Programs\Python\Python314\Lib\shutil.py", line 922, in move
    os.rename(src, real_dst)
    ~~~~~~~~~^^^^^^^^^^^^^^^
PermissionError: [WinError 32] The process cannot access the file because it is being used by another process: 'C:\\Users\\akidanem\\data_project\\raw_zips\\TH-Saho_Macs_FlightState_view_2_2026-06-27_15-13-14.zip' -> 'C:\\Users\\akidanem\\data_project\\rejected\\TH-Saho_Macs_FlightState_view_2_2026-06-27_15-13-14.zip'

During handling of the above exception, another exception occurred:

Traceback (most recent call last):
  File "C:\Users\akidanem\data_project\scripts\01_extract.py", line 59, in <module>
    rejected_path = move_file_safe(zip_path, REJECTED_DIR)
  File "C:\Users\akidanem\data_project\scripts\01_extract.py", line 33, in move_file_safe
    shutil.move(str(source_path), str(destination_path))
    ~~~~~~~~~~~^^^^^^^^^^^^^^^^^^^^^^^^^^^^^^^^^^^^^^^^^
  File "C:\Users\akidanem\AppData\Local\Programs\Python\Python314\Lib\shutil.py", line 943, in move
    os.unlink(src)
    ~~~~~~~~~^^^^^
PermissionError: [WinError 32] The process cannot access the file because it is being used by another process: 'C:\\Users\\akidanem\\data_project\\raw_zips\\TH-Saho_Macs_FlightState_view_2_2026-06-27_15-13-14.zip'
2026-07-09 13:50:46,384 - INFO - Moved failed ZIP to: C:\Users\akidanem\data_project\rejected\TH-Saho_Macs_FlightState_view_2_2026-06-27_15-13-14_20260709_135046.zip
